******************************************************************************
             TMS320C2000 Linker PC v22.6.2                     
******************************************************************************
>> Linked Fri Mar 13 14:06:12 2026

OUTPUT FILE NAME:   <AI.out>
ENTRY POINT SYMBOL: "_c_int00"  address: 0000b1a2


MEMORY CONFIGURATION

         name            origin    length      used     unused   attr    fill
----------------------  --------  ---------  --------  --------  ----  --------
PAGE 0:
  BEGIN                 00000000   00000002  00000000  00000002  RWIX
  RAMM0                 00000123   000002dd  0000001e  000002bf  RWIX
  RAMLS0                00008000   00000800  00000000  00000800  RWIX
  RAMLS1                00008800   00000800  00000000  00000800  RWIX
  RAMLS2                00009000   00000800  00000000  00000800  RWIX
  RAMLS3                00009800   00000800  00000000  00000800  RWIX
  RAMLS4                0000a000   00000800  00000000  00000800  RWIX
  RAMD0                 0000b000   00000800  000001de  00000622  RWIX
  FLASHA                00080002   00001ffe  00000000  00001ffe  RWIX
  FLASHB                00082000   00002000  00000000  00002000  RWIX
  FLASHC                00084000   00002000  00000000  00002000  RWIX
  FLASHD                00086000   00002000  00000000  00002000  RWIX
  FLASHE                00088000   00008000  00000000  00008000  RWIX
  FLASHF                00090000   00008000  00000000  00008000  RWIX
  FLASHG                00098000   00008000  00000000  00008000  RWIX
  FLASHH                000a0000   00008000  00000000  00008000  RWIX
  FLASHI                000a8000   00008000  00000000  00008000  RWIX
  FLASHJ                000b0000   00008000  00000000  00008000  RWIX
  FLASHK                000b8000   00002000  00000000  00002000  RWIX
  FLASHL                000ba000   00002000  00000000  00002000  RWIX
  FLASHM                000bc000   00002000  00000000  00002000  RWIX
  FLASHN                000be000   00001ff0  00000000  00001ff0  RWIX
  RESET                 003fffc0   00000002  00000000  00000002  RWIX

PAGE 1:
  BOOT_RSVD             00000002   00000121  00000000  00000121  RWIX
  RAMM1                 00000400   000003f8  00000200  000001f8  RWIX
  RAMLS5                0000a800   00000800  000003a7  00000459  RWIX
  RAMD1                 0000b800   00000800  00000000  00000800  RWIX
  RAMGS0                0000c000   00001000  00000000  00001000  RWIX
  RAMGS1                0000d000   00001000  00000000  00001000  RWIX
  RAMGS2                0000e000   00001000  00000000  00001000  RWIX
  RAMGS3                0000f000   00001000  00000000  00001000  RWIX
  RAMGS4                00010000   00001000  00000000  00001000  RWIX
  RAMGS5                00011000   00001000  00000000  00001000  RWIX
  RAMGS6                00012000   00001000  00000000  00001000  RWIX
  RAMGS7                00013000   00001000  00000000  00001000  RWIX
  RAMGS8                00014000   00001000  00000000  00001000  RWIX
  RAMGS9                00015000   00001000  00000000  00001000  RWIX
  RAMGS10               00016000   00001000  00000000  00001000  RWIX
  RAMGS11               00017000   00001000  00000000  00001000  RWIX
  RAMGS12               00018000   00001000  00000000  00001000  RWIX
  RAMGS13               00019000   00001000  00000000  00001000  RWIX
  RAMGS14               0001a000   00001000  00000000  00001000  RWIX
  RAMGS15               0001b000   00000ff8  00000000  00000ff8  RWIX
  CPU2TOCPU1RAM         0003f800   00000400  00000000  00000400  RWIX
  CPU1TOCPU2RAM         0003fc00   00000400  00000000  00000400  RWIX
  CANA_MSG_RAM          00049000   00000800  00000000  00000800  RWIX
  CANB_MSG_RAM          0004b000   00000800  00000000  00000800  RWIX


SECTION ALLOCATION MAP

 output                                  attributes/
section   page    origin      length       input sections
--------  ----  ----------  ----------   ----------------
.cinit     0    00000124    0000001e     
                  00000124    0000000b     (.cinit..data.load) [load image, compression = lzss]
                  0000012f    00000001     --HOLE-- [fill = 0]
                  00000130    00000006     (__TI_handler_table)
                  00000136    00000004     (.cinit..bss.load) [load image, compression = zero_init]
                  0000013a    00000008     (__TI_cinit_table)

.reset     0    003fffc0    00000000     DSECT

.stack     1    00000400    00000200     UNINITIALIZED
                  00000400    00000200     --HOLE--

.bss       1    0000a800    0000039b     UNINITIALIZED
                  0000a800    0000038e     neural_network_neurons_init.obj (.bss:layers)
                  0000ab8e    0000000a     neural_network_neurons_init.obj (.bss:input_layer)
                  0000ab98    00000003     neural_network_neurons_init.obj (.bss)

.init_array 
*          0    00000123    00000000     UNINITIALIZED

.data      1    0000ab9c    0000000c     UNINITIALIZED
                  0000ab9c    00000006     rts2800_fpu32_eabi.lib : exit.c.obj (.data)
                  0000aba2    00000003     neural_network_neurons_init.obj (.data:neurons_per_layer)
                  0000aba5    00000001     --HOLE--
                  0000aba6    00000002     rts2800_fpu32_eabi.lib : _lock.c.obj (.data:_lock)

GETBUFFER 
*          0    0003f800    00000000     DSECT

GETWRITEIDX 
*          0    0003f800    00000000     DSECT

PUTREADIDX 
*          0    0003f800    00000000     DSECT

.text      0    0000b000    000001de     
                  0000b000    00000104     neural_network_neurons_init.obj (.text)
                  0000b104    0000002e     rts2800_fpu32_eabi.lib : copy_decompress_lzss.c.obj (.text:decompress:lzss)
                  0000b132    0000002b                            : autoinit.c.obj (.text:__TI_auto_init_nobinit_nopinit)
                  0000b15d    00000029                            : exit.c.obj (.text)
                  0000b186    0000001c                            : memcpy.c.obj (.text)
                  0000b1a2    00000017                            : boot28.asm.obj (.text)
                  0000b1b9    0000000d                            : copy_zero_init.c.obj (.text:decompress:ZI:__TI_zero_init_nomemset)
                  0000b1c6    0000000c                            : args_main.c.obj (.text)
                  0000b1d2    00000008                            : copy_decompress_none.c.obj (.text:decompress:none)
                  0000b1da    00000002                            : pre_init.c.obj (.text)
                  0000b1dc    00000001                            : _lock.c.obj (.text)
                  0000b1dd    00000001                            : startup.c.obj (.text)

MODULE SUMMARY

       Module                            code   ro data   rw data
       ------                            ----   -------   -------
    .\
       neural_network_neurons_init.obj   260    0         926    
    +--+---------------------------------+------+---------+---------+
       Total:                            260    0         926    
                                                                 
    C:\ti\ti_cgt_c2000_22.6.2.LTS\lib\rts2800_fpu32_eabi.lib
       exit.c.obj                        41     0         6      
       copy_decompress_lzss.c.obj        46     0         0      
       autoinit.c.obj                    43     0         0      
       memcpy.c.obj                      28     0         0      
       boot28.asm.obj                    23     0         0      
       copy_zero_init.c.obj              13     0         0      
       args_main.c.obj                   12     0         0      
       copy_decompress_none.c.obj        8      0         0      
       _lock.c.obj                       1      0         2      
       pre_init.c.obj                    2      0         0      
       startup.c.obj                     1      0         0      
    +--+---------------------------------+------+---------+---------+
       Total:                            218    0         8      
                                                                 
       Stack:                            0      0         512    
       Linker Generated:                 0      29        0      
    +--+---------------------------------+------+---------+---------+
       Grand Total:                      478    29        1446   


LINKER GENERATED COPY TABLES

__TI_cinit_table @ 0000013a records: 2, size/record: 4, table size: 8
	.data: load addr=00000124, load size=0000000b bytes, run addr=0000ab9c, run size=0000000c bytes, compression=lzss
	.bss: load addr=00000136, load size=00000004 bytes, run addr=0000a800, run size=0000039b bytes, compression=zero_init


LINKER GENERATED HANDLER TABLE

__TI_handler_table @ 00000130 records: 3, size/record: 2, table size: 6
	index: 0, handler: __TI_zero_init
	index: 1, handler: __TI_decompress_lzss
	index: 2, handler: __TI_decompress_none


GLOBAL DATA SYMBOLS: SORTED BY DATA PAGE

address     data page           name
--------    ----------------    ----
00000400      10 (00000400)     __stack

0000a800     2a0 (0000a800)     layers

0000ab8e     2ae (0000ab80)     input_layer
0000ab98     2ae (0000ab80)     i
0000ab99     2ae (0000ab80)     j
0000ab9a     2ae (0000ab80)     k
0000ab9c     2ae (0000ab80)     __TI_enable_exit_profile_output
0000ab9e     2ae (0000ab80)     __TI_cleanup_ptr
0000aba0     2ae (0000ab80)     __TI_dtors_ptr
0000aba2     2ae (0000ab80)     neurons_per_layer
0000aba6     2ae (0000ab80)     _lock


GLOBAL SYMBOLS: SORTED ALPHABETICALLY BY Name 

page  address   name                           
----  -------   ----                           
0     0000b15d  C$$EXIT                        
0     0000b063  Fowrward_Pass                  
0     0000b000  Init_Neural_Network            
0     0000013a  __TI_CINIT_Base                
0     00000142  __TI_CINIT_Limit               
0     00000142  __TI_CINIT_Warm                
0     00000130  __TI_Handler_Table_Base        
0     00000136  __TI_Handler_Table_Limit       
1     00000600  __TI_STACK_END                 
abs   00000200  __TI_STACK_SIZE                
0     0000b132  __TI_auto_init_nobinit_nopinit 
1     0000ab9e  __TI_cleanup_ptr               
0     0000b104  __TI_decompress_lzss           
0     0000b1d2  __TI_decompress_none           
1     0000aba0  __TI_dtors_ptr                 
1     0000ab9c  __TI_enable_exit_profile_output
abs   ffffffff  __TI_pprof_out_hndl            
abs   ffffffff  __TI_prof_data_size            
abs   ffffffff  __TI_prof_data_start           
0     0000b1b9  __TI_zero_init_nomemset        
n/a   UNDEFED   __c_args__                     
1     00000400  __stack                        
0     0000b1c6  _args_main                     
0     0000b1a2  _c_int00                       
1     0000aba6  _lock                          
0     0000b1dc  _nop                           
0     0000b1dd  _system_post_cinit             
0     0000b1da  _system_pre_init               
0     0000b15d  abort                          
0     0000b15f  exit                           
1     0000ab98  i                              
1     0000ab8e  input_layer                    
1     0000ab99  j                              
1     0000ab9a  k                              
1     0000a800  layers                         
0     0000b0f0  main                           
0     0000b186  memcpy                         
1     0000aba2  neurons_per_layer              


GLOBAL SYMBOLS: SORTED BY Symbol Address 

page  address   name                           
----  -------   ----                           
0     00000130  __TI_Handler_Table_Base        
0     00000136  __TI_Handler_Table_Limit       
0     0000013a  __TI_CINIT_Base                
0     00000142  __TI_CINIT_Limit               
0     00000142  __TI_CINIT_Warm                
0     0000b000  Init_Neural_Network            
0     0000b063  Fowrward_Pass                  
0     0000b0f0  main                           
0     0000b104  __TI_decompress_lzss           
0     0000b132  __TI_auto_init_nobinit_nopinit 
0     0000b15d  C$$EXIT                        
0     0000b15d  abort                          
0     0000b15f  exit                           
0     0000b186  memcpy                         
0     0000b1a2  _c_int00                       
0     0000b1b9  __TI_zero_init_nomemset        
0     0000b1c6  _args_main                     
0     0000b1d2  __TI_decompress_none           
0     0000b1da  _system_pre_init               
0     0000b1dc  _nop                           
0     0000b1dd  _system_post_cinit             
1     00000400  __stack                        
1     00000600  __TI_STACK_END                 
1     0000a800  layers                         
1     0000ab8e  input_layer                    
1     0000ab98  i                              
1     0000ab99  j                              
1     0000ab9a  k                              
1     0000ab9c  __TI_enable_exit_profile_output
1     0000ab9e  __TI_cleanup_ptr               
1     0000aba0  __TI_dtors_ptr                 
1     0000aba2  neurons_per_layer              
1     0000aba6  _lock                          
abs   00000200  __TI_STACK_SIZE                
abs   ffffffff  __TI_pprof_out_hndl            
abs   ffffffff  __TI_prof_data_size            
abs   ffffffff  __TI_prof_data_start           
n/a   UNDEFED   __c_args__                     

[38 symbols]
